14:28:19 Librepo version: 1.7.20 with CURL_GLOBAL_ACK_EINTR support (libcurl/7.50.1 GnuTLS/3.5.3 zlib/1.2.11)
14:28:19 Current date: 2026-08-10T14:28:19+0000
14:28:19 lr_download: Target: file:///etc/opt/cisco/iosxr/install/dnf/dnf.conf.instorch (-)
14:28:19 select_next_target: Selecting mirror for: file:///etc/opt/cisco/iosxr/install/dnf/dnf.conf.instorch
14:28:19 prepare_next_transfer: URL: file:///etc/opt/cisco/iosxr/install/dnf/dnf.conf.instorch
14:28:19 lr_download: Downloading started
14:28:19 check_transfer_statuses: Transfer finished: file:///etc/opt/cisco/iosxr/install/dnf/dnf.conf.instorch (Effective url: file:///etc/opt/cisco/iosxr/install/dnf/dnf.conf.instorch)
14:28:19 lr_download: Target: file:///etc/opt/cisco/iosxr/install/.repos/iosxr_install_internal.repo (-)
14:28:19 select_next_target: Selecting mirror for: file:///etc/opt/cisco/iosxr/install/.repos/iosxr_install_internal.repo
14:28:19 prepare_next_transfer: URL: file:///etc/opt/cisco/iosxr/install/.repos/iosxr_install_internal.repo
14:28:19 lr_download: Downloading started
14:28:19 check_transfer_statuses: Transfer finished: file:///etc/opt/cisco/iosxr/install/.repos/iosxr_install_internal.repo (Effective url: file:///etc/opt/cisco/iosxr/install/.repos/iosxr_install_internal.repo)
14:28:19 Librepo version: 1.7.20 with CURL_GLOBAL_ACK_EINTR support (libcurl/7.50.1 GnuTLS/3.5.3 zlib/1.2.11)
14:28:19 Current date: 2026-08-10T14:28:19+0000
14:28:19 lr_download: Target: file:///etc/opt/cisco/iosxr/install/dnf/dnf.conf.instorch (-)
14:28:19 select_next_target: Selecting mirror for: file:///etc/opt/cisco/iosxr/install/dnf/dnf.conf.instorch
14:28:19 prepare_next_transfer: URL: file:///etc/opt/cisco/iosxr/install/dnf/dnf.conf.instorch
14:28:19 lr_download: Downloading started
14:28:19 check_transfer_statuses: Transfer finished: file:///etc/opt/cisco/iosxr/install/dnf/dnf.conf.instorch (Effective url: file:///etc/opt/cisco/iosxr/install/dnf/dnf.conf.instorch)
14:28:19 lr_download: Target: file:///etc/opt/cisco/iosxr/install/.repos/iosxr_install_internal.repo (-)
14:28:19 select_next_target: Selecting mirror for: file:///etc/opt/cisco/iosxr/install/.repos/iosxr_install_internal.repo
14:28:19 prepare_next_transfer: URL: file:///etc/opt/cisco/iosxr/install/.repos/iosxr_install_internal.repo
14:28:19 lr_download: Downloading started
14:28:19 check_transfer_statuses: Transfer finished: file:///etc/opt/cisco/iosxr/install/.repos/iosxr_install_internal.repo (Effective url: file:///etc/opt/cisco/iosxr/install/.repos/iosxr_install_internal.repo)
14:28:20 Librepo version: 1.7.20 with CURL_GLOBAL_ACK_EINTR support (libcurl/7.50.1 GnuTLS/3.5.3 zlib/1.2.11)
14:28:20 Current date: 2026-08-10T14:28:20+0000
14:28:20 lr_download: Target: file:///etc/opt/cisco/iosxr/install/dnf/dnf.conf.instorch (-)
14:28:20 select_next_target: Selecting mirror for: file:///etc/opt/cisco/iosxr/install/dnf/dnf.conf.instorch
14:28:20 prepare_next_transfer: URL: file:///etc/opt/cisco/iosxr/install/dnf/dnf.conf.instorch
14:28:20 lr_download: Downloading started
14:28:20 check_transfer_statuses: Transfer finished: file:///etc/opt/cisco/iosxr/install/dnf/dnf.conf.instorch (Effective url: file:///etc/opt/cisco/iosxr/install/dnf/dnf.conf.instorch)
14:28:20 lr_download: Target: file:///etc/opt/cisco/iosxr/install/.repos/iosxr_install_internal.repo (-)
14:28:20 select_next_target: Selecting mirror for: file:///etc/opt/cisco/iosxr/install/.repos/iosxr_install_internal.repo
14:28:20 prepare_next_transfer: URL: file:///etc/opt/cisco/iosxr/install/.repos/iosxr_install_internal.repo
14:28:20 lr_download: Downloading started
14:28:20 check_transfer_statuses: Transfer finished: file:///etc/opt/cisco/iosxr/install/.repos/iosxr_install_internal.repo (Effective url: file:///etc/opt/cisco/iosxr/install/.repos/iosxr_install_internal.repo)
14:28:20 Librepo version: 1.7.20 with CURL_GLOBAL_ACK_EINTR support (libcurl/7.50.1 GnuTLS/3.5.3 zlib/1.2.11)
14:28:20 Current date: 2026-08-10T14:28:20+0000
14:28:20 lr_download: Target: file:///etc/opt/cisco/iosxr/install/dnf/dnf.conf.instorch (-)
14:28:20 select_next_target: Selecting mirror for: file:///etc/opt/cisco/iosxr/install/dnf/dnf.conf.instorch
14:28:20 prepare_next_transfer: URL: file:///etc/opt/cisco/iosxr/install/dnf/dnf.conf.instorch
14:28:20 lr_download: Downloading started
14:28:20 check_transfer_statuses: Transfer finished: file:///etc/opt/cisco/iosxr/install/dnf/dnf.conf.instorch (Effective url: file:///etc/opt/cisco/iosxr/install/dnf/dnf.conf.instorch)
14:28:20 lr_download: Target: file:///etc/opt/cisco/iosxr/install/.repos/iosxr_install_internal.repo (-)
14:28:20 select_next_target: Selecting mirror for: file:///etc/opt/cisco/iosxr/install/.repos/iosxr_install_internal.repo
14:28:20 prepare_next_transfer: URL: file:///etc/opt/cisco/iosxr/install/.repos/iosxr_install_internal.repo
14:28:20 lr_download: Downloading started
14:28:20 check_transfer_statuses: Transfer finished: file:///etc/opt/cisco/iosxr/install/.repos/iosxr_install_internal.repo (Effective url: file:///etc/opt/cisco/iosxr/install/.repos/iosxr_install_internal.repo)
14:28:21 Librepo version: 1.7.20 with CURL_GLOBAL_ACK_EINTR support (libcurl/7.50.1 GnuTLS/3.5.3 zlib/1.2.11)
14:28:21 Current date: 2026-08-10T14:28:21+0000
14:28:21 lr_download: Target: file:///etc/opt/cisco/iosxr/install/dnf/dnf.conf.instorch (-)
14:28:21 select_next_target: Selecting mirror for: file:///etc/opt/cisco/iosxr/install/dnf/dnf.conf.instorch
14:28:21 prepare_next_transfer: URL: file:///etc/opt/cisco/iosxr/install/dnf/dnf.conf.instorch
14:28:21 lr_download: Downloading started
14:28:21 check_transfer_statuses: Transfer finished: file:///etc/opt/cisco/iosxr/install/dnf/dnf.conf.instorch (Effective url: file:///etc/opt/cisco/iosxr/install/dnf/dnf.conf.instorch)
14:28:21 lr_download: Target: file:///etc/opt/cisco/iosxr/install/.repos/iosxr_install_internal.repo (-)
14:28:21 select_next_target: Selecting mirror for: file:///etc/opt/cisco/iosxr/install/.repos/iosxr_install_internal.repo
14:28:21 prepare_next_transfer: URL: file:///etc/opt/cisco/iosxr/install/.repos/iosxr_install_internal.repo
14:28:21 lr_download: Downloading started
14:28:21 check_transfer_statuses: Transfer finished: file:///etc/opt/cisco/iosxr/install/.repos/iosxr_install_internal.repo (Effective url: file:///etc/opt/cisco/iosxr/install/.repos/iosxr_install_internal.repo)
14:28:25 Librepo version: 1.7.20 with CURL_GLOBAL_ACK_EINTR support (libcurl/7.50.1 GnuTLS/3.5.3 zlib/1.2.11)
14:28:25 Current date: 2026-08-10T14:28:25+0000
14:28:25 lr_download: Target: file:///etc/opt/cisco/iosxr/install/dnf/dnf.conf.instorch (-)
14:28:25 select_next_target: Selecting mirror for: file:///etc/opt/cisco/iosxr/install/dnf/dnf.conf.instorch
14:28:25 prepare_next_transfer: URL: file:///etc/opt/cisco/iosxr/install/dnf/dnf.conf.instorch
14:28:25 lr_download: Downloading started
14:28:25 check_transfer_statuses: Transfer finished: file:///etc/opt/cisco/iosxr/install/dnf/dnf.conf.instorch (Effective url: file:///etc/opt/cisco/iosxr/install/dnf/dnf.conf.instorch)
14:28:25 lr_download: Target: file:///etc/opt/cisco/iosxr/install/.repos/iosxr_install_internal.repo (-)
14:28:25 select_next_target: Selecting mirror for: file:///etc/opt/cisco/iosxr/install/.repos/iosxr_install_internal.repo
14:28:25 prepare_next_transfer: URL: file:///etc/opt/cisco/iosxr/install/.repos/iosxr_install_internal.repo
14:28:25 lr_download: Downloading started
14:28:25 check_transfer_statuses: Transfer finished: file:///etc/opt/cisco/iosxr/install/.repos/iosxr_install_internal.repo (Effective url: file:///etc/opt/cisco/iosxr/install/.repos/iosxr_install_internal.repo)
14:28:25 Librepo version: 1.7.20 with CURL_GLOBAL_ACK_EINTR support (libcurl/7.50.1 GnuTLS/3.5.3 zlib/1.2.11)
14:28:25 Current date: 2026-08-10T14:28:25+0000
14:28:25 lr_download: Target: file:///etc/opt/cisco/iosxr/install/dnf/dnf.conf.instorch (-)
14:28:25 select_next_target: Selecting mirror for: file:///etc/opt/cisco/iosxr/install/dnf/dnf.conf.instorch
14:28:25 prepare_next_transfer: URL: file:///etc/opt/cisco/iosxr/install/dnf/dnf.conf.instorch
14:28:25 lr_download: Downloading started
14:28:25 check_transfer_statuses: Transfer finished: file:///etc/opt/cisco/iosxr/install/dnf/dnf.conf.instorch (Effective url: file:///etc/opt/cisco/iosxr/install/dnf/dnf.conf.instorch)
14:28:25 lr_download: Target: file:///etc/opt/cisco/iosxr/install/.repos/iosxr_install_internal.repo (-)
14:28:25 select_next_target: Selecting mirror for: file:///etc/opt/cisco/iosxr/install/.repos/iosxr_install_internal.repo
14:28:25 prepare_next_transfer: URL: file:///etc/opt/cisco/iosxr/install/.repos/iosxr_install_internal.repo
14:28:25 lr_download: Downloading started
14:28:25 check_transfer_statuses: Transfer finished: file:///etc/opt/cisco/iosxr/install/.repos/iosxr_install_internal.repo (Effective url: file:///etc/opt/cisco/iosxr/install/.repos/iosxr_install_internal.repo)
