Aug 10 14:32:48:061 238:6025 [vty0-Show-running] Recieved request 20, with file option 0, Last commit ID: None

Aug 10 14:32:48:064 238:6025 NVGEN, Handling 32 partitions

Aug 10 14:32:48:067 238:6025 Querying the subtree gl/hwmod/;

Aug 10 14:32:48:067 238:6025 Nvgening Partition:                 sh_admin, Tuples Tried = 0, Failed = 0.

Aug 10 14:32:48:067 238:6025 Querying the subtree gl/a/parser/;gl/a/hostname;gl/a/config-group/;gl/ag;gl/ah;gl/aaa/ord_x/;gl/aaa/default-taskgroup-name;gl/cfgmgr/;

Aug 10 14:32:48:081 238:6025 Nvgening Partition:                 sh_group, Tuples Tried = 1, Failed = 0.

Aug 10 14:32:48:082 238:6025 Querying the subtree gl/obfl/;gl/snmp/enable/traps/alarm/;gl/clock/;gl/banner/;gl/dumper/;gl/locale/;gl/pakmem/;gl/logging/;gl/service/timestamps/;

Aug 10 14:32:48:082 238:6025 Nvgening Partition:                    sh_os, Tuples Tried = 0, Failed = 0.

Aug 10 14:32:48:082 238:6025 Querying the subtree gl/a/nvgen/;gl/a/template/;gl/p/placed/;gl/fm/;gl/if/link-status;gl/ip/domain/;gl/ip/services/cinetd/service/ipv4/tftp/udp;gl/ip/services/cinetd/service/ipv4/shell/tcp;gl/ip/services/cinetd/service/ipv4/small_servers/tcp;gl/ip/services/cinetd/service/ipv4/small_servers/udp;gl/ip/services/cinetd/service/ipv6/shell/tcp;gl/ip/services/cinetd/service/ipv6/small_servers/tcp;gl/ip/services/cinetd/service/ipv6/small_servers/udp;gl/ip/services/cinetd/service/tftp/v
Aug 10 14:32:48:137 238:6025 Nvgening Partition:                  sh_base, Tuples Tried = 19, Failed = 0.

Aug 10 14:32:48:137 238:6025 Querying the subtree gl/early/spi/hw-module/.*/;

Aug 10 14:32:48:137 238:6025 Nvgening Partition:      sh_early_hw_mod_cfg, Tuples Tried = 0, Failed = 0.

Aug 10 14:32:48:137 238:6025 Querying the subtree gl/ipv6/acl/;gl/es-acl/;gl/ipv4-acl/;

Aug 10 14:32:48:137 238:6025 Nvgening Partition:               sh_fwd_acl, Tuples Tried = 0, Failed = 0.

Aug 10 14:32:48:137 238:6025 Querying the subtree gl/policymgr/dummy/a;gl/policymgr/display/;gl/policymgr/classmap/type/0x1/;gl/policymgr/classmap/type/0x2/;gl/policymgr/classmap/type/0x3/;gl/policymgr/policymap/type/0x1/;gl/policymgr/policymap/type/0x2/;gl/policymgr/policymap/type/0x3/;gl/policymgr/policymap/type/0x6/;

Aug 10 14:32:48:137 238:6025 Nvgening Partition:           sh_base_policy, Tuples Tried = 0, Failed = 0.

Aug 10 14:32:48:137 238:6025 Querying the subtree gl/qos/;

Aug 10 14:32:48:137 238:6025 Nvgening Partition:               sh_fwd_qos, Tuples Tried = 0, Failed = 0.

Aug 10 14:32:48:142 238:6025 Querying the subtree if/act/.*/;if/pre/.*/

Aug 10 14:32:48:150 238:6025 Nvgening Partition:              lo_all_intf, Tuples Tried = 3, Failed = 0.

Aug 10 14:32:48:150 238:6025 Querying the subtree gl/policy_lang/;

Aug 10 14:32:48:150 238:6025 Nvgening Partition:            sh_rtg_policy, Tuples Tried = 0, Failed = 0.

Aug 10 14:32:48:150 238:6025 Querying the subtree gl/static/;

Aug 10 14:32:48:153 238:6025 Nvgening Partition:            sh_rtg_static, Tuples Tried = 2, Failed = 0.

Aug 10 14:32:48:153 238:6025 Querying the subtree gl/isis/;gl/snmp/enable/traps/isismib;

Aug 10 14:32:48:153 238:6025 Nvgening Partition:              sh_rtg_isis, Tuples Tried = 0, Failed = 0.

Aug 10 14:32:48:153 238:6025 Querying the subtree gl/snmp/enable/traps/ospfv3mib/;gl/ipv4-ospf/;gl/ipv6-ospfv3/;

Aug 10 14:32:48:153 238:6025 Nvgening Partition:              sh_rtg_ospf, Tuples Tried = 0, Failed = 0.

Aug 10 14:32:48:153 238:6025 Querying the subtree gl/asn/format;gl/snmp/enable/traps/bgp/;gl/ip-bgp/;gl/bmpsrvr/;

Aug 10 14:32:48:153 238:6025 Nvgening Partition:               sh_rtg_bgp, Tuples Tried = 0, Failed = 0.

Aug 10 14:32:48:153 238:6025 Querying the subtree gl/tc/;gl/cef/;gl/evpn/;gl/lisp/;gl/snmp/enable/traps/hsrp/;gl/snmp/enable/traps/vrrp/;gl/snmp/enable/traps/vplsmib/;gl/snmp/enable/traps/l2vpnmib/;gl/l2vpn/;gl/tunnel/template/;gl/if_list/;gl/ip-hsrp/;gl/ip-vrrp/;gl/mpls_lspv/;gl/accounting/;gl/statistics/;gl/iphc-profile/;gl/ipv6-dhcpv6d/;

Aug 10 14:32:48:153 238:6025 Nvgening Partition:                   sh_fwd, Tuples Tried = 0, Failed = 0.

Aug 10 14:32:48:153 238:6025 Querying the subtree gl/mibs/temib/;gl/mibs/frrmib/;gl/mibs/p2mpmib/;gl/mibs/cmplsteextmib/;gl/mibs/cmplslsrstdmib/;gl/mibs/cmplsl3vpnstdmib/;gl/mibs/cmplsteextstdmib/;gl/snmp/enable/traps/temib/;gl/snmp/enable/traps/frrmib/;gl/snmp/enable/traps/ldpmib/;gl/snmp/enable/traps/p2mpmib/;gl/snmp/enable/traps/rsvpmib/;gl/snmp/enable/traps/l3vpnmib/;gl/ucp-.*/;gl/ip_rsvp/;gl/mpls_te/;gl/mpls_ldp/;gl/mpls_static/;

Aug 10 14:32:48:153 238:6025 Nvgening Partition:                 sh_gmpls, Tuples Tried = 0, Failed = 0.

Aug 10 14:32:48:153 238:6025 Querying the subtree gl/amt/;gl/lsm/;gl/mibs/mroutemib/;gl/snmp/enable/traps/pim/;gl/snmp/enable/traps/msdp/;gl/mcast/.*/.*/;gl/mcast/ag;gl/mcast/ag;gl/mcast/aza;gl/mcast/autorp/;gl/ipv4-sap/;gl/ipv6-mld/.*/.*/;gl/ipv6-mld/ag;gl/ipv6-mld/aza;gl/ipv4-igmp/.*/.*/;gl/ipv4-igmp/ag;gl/ipv4-igmp/aza;gl/ipv4-msdp/;gl/dynamic-templates/.*/.*/;

Aug 10 14:32:48:153 238:6025 Nvgening Partition:                 sh_mcast, Tuples Tried = 0, Failed = 0.

Aug 10 14:32:48:153 238:6025 Querying the subtree gl/sr/;

Aug 10 14:32:48:153 238:6025 Nvgening Partition:                  sh_p_sr, Tuples Tried = 0, Failed = 0.

Aug 10 14:32:48:153 238:6025 Querying the subtree gl/adt/;gl/xml/;gl/mibs/eventmib/;gl/mibs/notificationlogmib/;gl/netconf/;

Aug 10 14:32:48:153 238:6025 Nvgening Partition:                  sh_mgbl, Tuples Tried = 0, Failed = 0.

Aug 10 14:32:48:153 238:6025 Querying the subtree gl/rpl/;

Aug 10 14:32:48:153 238:6025 Nvgening Partition:          sh_ipv6_rtg_rpl, Tuples Tried = 0, Failed = 0.

Aug 10 14:32:48:153 238:6025 Querying the subtree gl/snmp/enable/traps/ospfmib/;

Aug 10 14:32:48:153 238:6025 Nvgening Partition:           sh_p_ospf_snmp, Tuples Tried = 0, Failed = 0.

Aug 10 14:32:48:153 238:6025 Querying the subtree gl/flowspec/;

Aug 10 14:32:48:153 238:6025 Nvgening Partition:            sh_p_flowspec, Tuples Tried = 0, Failed = 0.

Aug 10 14:32:48:153 238:6025 Querying the subtree gl/lldp/;

Aug 10 14:32:48:153 238:6025 Nvgening Partition:            sh_p_lldp_mgr, Tuples Tried = 0, Failed = 0.

Aug 10 14:32:48:153 238:6025 Querying the subtree gl/pim/;

Aug 10 14:32:48:153 238:6025 Nvgening Partition:          sh_mcast_policy, Tuples Tried = 0, Failed = 0.

Aug 10 14:32:48:153 238:6025 Querying the subtree gl/rip/;

Aug 10 14:32:48:153 238:6025 Nvgening Partition:               sh_rtg_rip, Tuples Tried = 0, Failed = 0.

Aug 10 14:32:48:153 238:6025 Querying the subtree gl/mpls_lsd/;

Aug 10 14:32:48:153 238:6025 Nvgening Partition:              sh_mpls_lsd, Tuples Tried = 0, Failed = 0.

Aug 10 14:32:48:153 238:6025 Querying the subtree gl/sr_new/ord_m/srv6/;

Aug 10 14:32:48:153 238:6025 Nvgening Partition:              sh_p_sr_new, Tuples Tried = 0, Failed = 0.

Aug 10 14:32:48:153 238:6025 Querying the subtree gl/auto_ip_ring/;

Aug 10 14:32:48:154 238:6025 Nvgening Partition:        sh_p_auto_ip_ring, Tuples Tried = 0, Failed = 0.

Aug 10 14:32:48:154 238:6025 Querying the subtree gl/licensing/;gl/flexconsumption/;

Aug 10 14:32:48:154 238:6025 Nvgening Partition:               sh_license, Tuples Tried = 0, Failed = 0.

Aug 10 14:32:48:154 238:6025 Querying the subtree gl/snmp/enable/traps/pki/enable;gl/snmp/enable/traps/ipsec/;gl/snmp/enable/traps/isakmp/;gl/crypto/ca/;gl/crypto/key/;gl/crypto/ssh/;gl/crypto/ipsec/;gl/crypto/fipsmode/;

Aug 10 14:32:48:165 238:6025 Nvgening Partition:            sh_base_k9sec, Tuples Tried = 2, Failed = 0.

Aug 10 14:32:48:165 238:6025 Querying the subtree gl/perfmeas/;

Aug 10 14:32:48:165 238:6025 Nvgening Partition:           sh_p_perf_meas, Tuples Tried = 0, Failed = 0.

Aug 10 14:32:48:165 238:6025 Querying the subtree gl/early/dummy/;

Aug 10 14:32:48:165 238:6025 Nvgening Partition:                 sh_early, Tuples Tried = 0, Failed = 0.

Aug 10 14:32:48:165 238:6025 nvgened '27'out of '27' tuples successfully.

