2026-08-10 14:28:29.927556 Sync: create_directory():160, directory: /misc/disk1/.sppdc created
2026-08-10 14:28:29.928374 Sync: create_directory():160, directory: /misc/disk1/.sppdc_new created
2026-08-10 14:28:29.928571 Sync: ROLE_PRIMARY. setting master flags
2026-08-10 14:28:29.928595 Sync: Entering plat_sl_mount for mounting /misc/disk1/.sppdc_new
2026-08-10 14:29:13.849753 SIALOG: Entering plat_sl_update_validate_collection_time_in_ts
2026-08-10 14:29:13.850070 Sync: ROLE_PRIMARY. setting master flags
2026-08-10 14:29:13.850097 Sync: Entering plat_sl_mount for mounting /misc/disk1/.sppdc_new
2026-08-10 14:29:13.875799 SIALOG: sia_ooc_mdata_path /etc/sl/platinfo.data
2026-08-10 14:29:13.875846 SIALOG: Entering plat_sl_update_validate_collection_time_in_ts
2026-08-10 14:29:13.875859 SIALOG: Entering plat_sl_read_sia_mdata
2026-08-10 14:29:13.875957 SIALOG: sia_ooc_mdata_path /etc/sl/platinfo.data
2026-08-10 14:29:13.875973 SIALOG: Entering plat_sl_read_sia_mdata
2026-08-10 14:29:13.876093 SIAERROR: Failed to open file /etc/sl/platinfo.data rc=2
2026-08-10 14:29:13.876149 SIAWARNING: Could not stat /etc/sl/platinfo.data file, rc=2 (No such file or directory)
2026-08-10 14:29:13.886871 SIALOG: Entering plat_sl_get_ooc_status_from_ts
2026-08-10 14:29:13.887019 SIALOG: sia_ooc_mdata_path /etc/sl/platinfo.data
2026-08-10 14:29:13.887037 SIALOG: Entering plat_sl_read_sia_mdata
2026-08-10 14:29:13.887112 SIALOG: sia_ooc_mdata_path /etc/sl/platinfo.data
2026-08-10 14:29:13.887124 SIALOG: Entering plat_sl_read_sia_mdata
2026-08-10 14:29:13.887153 SIAERROR: Failed to open file /etc/sl/platinfo.data rc=2
2026-08-10 14:29:13.887185 SIALOG: SIA mdata file /etc/sl/platinfo.data not found
2026-08-10 14:34:13.834616 SIALOG: Entering plat_sl_update_validate_collection_time_in_ts
2026-08-10 14:34:13.834979 SIALOG: sia_ooc_mdata_path /etc/sl/platinfo.data
2026-08-10 14:34:13.835021 SIALOG: Entering plat_sl_update_validate_collection_time_in_ts
2026-08-10 14:34:13.835040 SIALOG: Entering plat_sl_read_sia_mdata
2026-08-10 14:34:13.835154 SIALOG: sia_ooc_mdata_path /etc/sl/platinfo.data
2026-08-10 14:34:13.835174 SIALOG: Entering plat_sl_read_sia_mdata
2026-08-10 14:34:13.835214 SIAERROR: Failed to open file /etc/sl/platinfo.data rc=2
2026-08-10 14:34:13.835244 SIAWARNING: Could not stat /etc/sl/platinfo.data file, rc=2 (No such file or directory)
2026-08-10 14:34:13.836374 SIALOG: Entering plat_sl_get_ooc_status_from_ts
2026-08-10 14:34:13.836655 SIALOG: sia_ooc_mdata_path /etc/sl/platinfo.data
2026-08-10 14:34:13.836689 SIALOG: Entering plat_sl_read_sia_mdata
2026-08-10 14:34:13.836796 SIALOG: sia_ooc_mdata_path /etc/sl/platinfo.data
2026-08-10 14:34:13.836815 SIALOG: Entering plat_sl_read_sia_mdata
2026-08-10 14:34:13.836849 SIAERROR: Failed to open file /etc/sl/platinfo.data rc=2
2026-08-10 14:34:13.836875 SIALOG: SIA mdata file /etc/sl/platinfo.data not found
