


*************** SERVICE RESTART ***************





*************** DATE 08/10/26 14:28:15 ***************


agent				: 196807
				: rack :0 slot :48 VM :INVALID scope :___
name				: CFGMGR-CONFIG-INCONSISTENCY
aid				: XR/(null)/1
tag				: FAM_FAULT_TAG_SW_CFGMGR_CONFIG_INCONSISTENCY
EID				: MODULE/RP/1
attr				: status{SET}, severity{CRITICAL}, group{SOFTWARE}
set				: Mon Aug 10 14:28:40 2026
clear				: -
suppress			: -


agent				: 196807
				: rack :0 slot :48 VM :INVALID scope :___
name				: CFGMGR-CONFIG-INCONSISTENCY
aid				: XR/(null)/1
tag				: FAM_FAULT_TAG_SW_CFGMGR_CONFIG_INCONSISTENCY
EID				: MODULE/RP/1
attr				: status{CLEAR}, severity{CRITICAL}, group{SOFTWARE}
set				: Mon Aug 10 14:28:40 2026
clear				: Mon Aug 10 14:28:53 2026
suppress			: -


