Aug 10 14:28:12 r1 systemd-sysusers[309]: Creating group wheel with gid 989.
Aug 10 14:28:12 r1 systemd-sysusers[309]: Creating group nobody with gid 988.
Aug 10 14:28:12 r1 systemd[1]: Starting Flush Journal to Persistent Storage...
Aug 10 14:28:12 r1 lvm[311]:   WARNING: Failed to connect to lvmetad. Falling back to device scanning.
Aug 10 14:28:12 r1 systemd[1]: Started Flush Journal to Persistent Storage.
Aug 10 14:28:12 r1 systemd[1]: Started Copy selected logs to var/log/old directories.
Aug 10 14:28:12 r1 systemd[1]: Started Monitoring of LVM2 mirrors, snapshots etc. using dmeventd or progress polling.
Aug 10 14:28:12 r1 systemd[1]: Reached target Local File Systems (Pre).
Aug 10 14:28:12 r1 systemd[1]: Mounting /mnt...
Aug 10 14:28:12 r1 systemd[1]: var-volatile.mount: Directory /var/volatile to mount over is not empty, mounting anyway.
Aug 10 14:28:12 r1 systemd[1]: Mounting /var/volatile...
Aug 10 14:28:12 r1 systemd[1]: Mounted /mnt.
Aug 10 14:28:12 r1 systemd[1]: Mounted /var/volatile.
Aug 10 14:28:12 r1 systemd[1]: Reached target Local File Systems.
Aug 10 14:28:12 r1 systemd[1]: Starting Create Volatile Files and Directories...
Aug 10 14:28:12 r1 systemd[1]: Starting Rebuild Journal Catalog...
Aug 10 14:28:12 r1 systemd[1]: Starting Rebuild Dynamic Linker Cache...
Aug 10 14:28:12 r1 systemd-tmpfiles[350]: "/var/log" already exists and is not a directory.
Aug 10 14:28:12 r1 systemd-tmpfiles[350]: Cannot set file attribute for '/xr-storage/log/journal', value=0x00800000, mask=0x00800000: Operation not supported
Aug 10 14:28:12 r1 systemd-tmpfiles[350]: Cannot set file attribute for '/xr-storage/log/journal/a23cdc9d16bf44ad8ffa17b51795fa3d', value=0x00800000, mask=0x00800000: Operation not supported
Aug 10 14:28:12 r1 systemd[1]: Started Create Volatile Files and Directories.
Aug 10 14:28:12 r1 systemd[1]: Started Rebuild Journal Catalog.
Aug 10 14:28:12 r1 systemd[1]: Starting Update UTMP about System Boot/Shutdown...
Aug 10 14:28:12 r1 systemd[1]: Started Update UTMP about System Boot/Shutdown.
Aug 10 14:28:12 r1 systemd[1]: Started Rebuild Dynamic Linker Cache.
Aug 10 14:28:12 r1 systemd[1]: Started Rebuild Hardware Database.
Aug 10 14:28:12 r1 systemd[1]: Starting Update is Completed...
Aug 10 14:28:12 r1 systemd[1]: Starting udev Coldplug all Devices...
Aug 10 14:28:12 r1 systemd[1]: Started Update is Completed.
Aug 10 14:28:12 r1 systemd[1]: Started udev Coldplug all Devices.
Aug 10 14:28:12 r1 systemd[1]: Reached target System Initialization.
Aug 10 14:28:12 r1 systemd[1]: Started Daily Cleanup of Temporary Directories.
Aug 10 14:28:12 r1 systemd[1]: Reached target Timers.
Aug 10 14:28:12 r1 systemd[1]: Listening on D-Bus System Message Bus Socket.
Aug 10 14:28:12 r1 systemd[1]: Reached target Sockets.
Aug 10 14:28:12 r1 systemd[1]: Reached target Basic System.
Aug 10 14:28:12 r1 systemd[1]: Started Periodic Command Scheduler.
Aug 10 14:28:12 r1 systemd[1]: Starting OpenSSH Key Generation...
Aug 10 14:28:12 r1 systemd[1]: Starting Resets System Activity Logs...
Aug 10 14:28:12 r1 systemd[1]: Starting IOS-XR Setup Non-Root related tasks...
Aug 10 14:28:12 r1 systemd[1]: Starting sysklogd Kernel Logging Service...
Aug 10 14:28:12 r1 systemd[1]: Started Service for factory reset.
Aug 10 14:28:12 r1 systemd[1]: Started D-Bus System Message Bus.
Aug 10 14:28:12 r1 sshd_check_keys[414]:   generating ssh RSA host key...
Aug 10 14:28:12 r1 setup_iosxr_user.sh[417]: Mon Aug 10 14:28:12 UTC 2026: Checking if iosxr user exists
Aug 10 14:28:12 r1 setup_iosxr_user.sh[417]: Mon Aug 10 14:28:12 UTC 2026: iosxr user doesn't exist
Aug 10 14:28:12 r1 setup_iosxr_user.sh[417]: Checking if /etc/passwd.lock is empty and removing if necessary
Aug 10 14:28:12 r1 setup_iosxr_user.sh[417]: Checking if /etc/shadow.lock is empty and removing if necessary
Aug 10 14:28:12 r1 systemd[1]: Reached target Network.
Aug 10 14:28:12 r1 setup_iosxr_user.sh[417]: Checking if /etc/group.lock is empty and removing if necessary
Aug 10 14:28:12 r1 systemd[1]: Starting Permit User Sessions...
Aug 10 14:28:12 r1 setup_iosxr_user.sh[417]: Checking if /etc/gshadow.lock is empty and removing if necessary
Aug 10 14:28:12 r1 systemd[1]: Starting /etc/rc.local Compatibility...
Aug 10 14:28:12 r1 systemd[1]: Started Job spooling tools.
Aug 10 14:28:12 r1 setup_iosxr_user.sh[417]: Mon Aug 10 14:28:12 UTC 2026: Creating group: iosxr
Aug 10 14:28:12 r1 systemd[1]: Started IOS-XR XRd Core Watcher.
Aug 10 14:28:12 r1 systemd[1]: Starting System Logging Service...
Aug 10 14:28:12 r1 systemd[1]: Started Resets System Activity Logs.
Aug 10 14:28:12 r1 systemd[1]: Started Permit User Sessions.
Aug 10 14:28:12 r1 systemd[1]: Started /etc/rc.local Compatibility.
Aug 10 14:28:12 r1 systemd[1]: Reached target Login Prompts.
Aug 10 14:28:12 r1 systemd[1]: Reached target Multi-User System.
Aug 10 14:28:12 r1 systemd[1]: Starting Update UTMP about System Runlevel Changes...
Aug 10 14:28:12 r1 systemd[1]: Started Update UTMP about System Runlevel Changes.
Aug 10 14:28:12 r1 setup_iosxr_user.sh[417]: Mon Aug 10 14:28:12 UTC 2026: Creating user: iosxr
Aug 10 14:28:12 r1 xrd_corewatcher[446]: Setting up watches.
Aug 10 14:28:12 r1 xrd_corewatcher[446]: Watches established.
Aug 10 14:28:12 r1 setup_iosxr_user.sh[417]: Mon Aug 10 14:28:12 UTC 2026: iosxr user / group created
Aug 10 14:28:12 r1 setup_pts.sh[476]: Mon Aug 10 14:28:12 UTC 2026: change permissions of /dev/pts/ptmx to allow iosxr access
Aug 10 14:28:12 r1 systemd[1]: Started IOS-XR Setup Non-Root related tasks.
Aug 10 14:28:12 r1 sshd_check_keys[414]:   generating ssh ECDSA host key...
Aug 10 14:28:12 r1 sshd_check_keys[414]:   generating ssh ED25519 host key...
Aug 10 14:28:12 r1 sshd_check_keys[414]:  generating ssh DSA host key...
Aug 10 14:28:12 r1 systemd-udevd[505]: failed to execute '/lib/systemd/systemd-vconsole-setup' '/lib/systemd/systemd-vconsole-setup': No such file or directory
Aug 10 14:28:12 r1 systemd-udevd[465]: Process '/lib/systemd/systemd-vconsole-setup' failed with exit code 2.
Aug 10 14:28:12 r1 systemd-udevd[510]: failed to execute '/lib/systemd/systemd-vconsole-setup' '/lib/systemd/systemd-vconsole-setup': No such file or directory
Aug 10 14:28:12 r1 systemd-udevd[466]: Process '/lib/systemd/systemd-vconsole-setup' failed with exit code 2.
Aug 10 14:28:12 r1 systemd-udevd[511]: failed to execute '/lib/systemd/systemd-vconsole-setup' '/lib/systemd/systemd-vconsole-setup': No such file or directory
Aug 10 14:28:12 r1 systemd-udevd[465]: Process '/lib/systemd/systemd-vconsole-setup' failed with exit code 2.
Aug 10 14:28:12 r1 systemd[1]: Started OpenSSH Key Generation.
Aug 10 14:28:12 r1 systemd[1]: Starting IOS-XR ISO Installation including sshd...
Aug 10 14:28:12 r1 systemd[1]: Started System Logging Service.
Aug 10 14:28:13 r1 systemd[1]: Started sysklogd Kernel Logging Service.
Aug 10 14:28:13 r1 xrnginstall[516]: 2026 Aug 10 14:28:13.476 UTC: Setting up dumper and build info files
Aug 10 14:28:13 r1 xrnginstall[516]: 2026 Aug 10 14:28:13.578 UTC: XR Lineup:  r79x.lu%EFR-00000448327
Aug 10 14:28:13 r1 xrnginstall[516]: 2026 Aug 10 14:28:13.583 UTC: XR Version: 7.9.2
Aug 10 14:28:13 r1 xrnginstall[516]: 2026 Aug 10 14:28:13.594 UTC: Completed set up of dumper and build info files
Aug 10 14:28:13 r1 xrnginstall[516]: 2026 Aug 10 14:28:13.600 UTC: Preparing IOS-XR (first boot)
Aug 10 14:28:13 r1 xrnginstall[516]: Setting up confd
Aug 10 14:28:13 r1 xrnginstall[516]: Generating public/private rsa key pair.
Aug 10 14:28:13 r1 xrnginstall[516]: Your identification has been saved in /root/.ssh/id_rsa.
Aug 10 14:28:13 r1 xrnginstall[516]: Your public key has been saved in /root/.ssh/id_rsa.pub.
Aug 10 14:28:13 r1 xrnginstall[516]: The key fingerprint is:
Aug 10 14:28:13 r1 xrnginstall[516]: SHA256:UqtpW76VSh58ieg9xmJzX7YawnGsMdfuFjXptnXtmXY root@r1
Aug 10 14:28:13 r1 xrnginstall[516]: The key's randomart image is:
Aug 10 14:28:13 r1 xrnginstall[516]: +---[RSA 2048]----+
Aug 10 14:28:13 r1 xrnginstall[516]: |                 |
Aug 10 14:28:13 r1 xrnginstall[516]: |                 |
Aug 10 14:28:13 r1 xrnginstall[516]: |        .      . |
Aug 10 14:28:13 r1 xrnginstall[516]: |       . o .  +  |
Aug 10 14:28:13 r1 xrnginstall[516]: |      . S + .o ..|
Aug 10 14:28:13 r1 xrnginstall[516]: |       B O +. o +|
Aug 10 14:28:13 r1 xrnginstall[516]: |      =.X * +o ++|
Aug 10 14:28:13 r1 xrnginstall[516]: |     o+B=* =...+E|
Aug 10 14:28:13 r1 xrnginstall[516]: |     .o=*+ooo . .|
Aug 10 14:28:13 r1 xrnginstall[516]: +----[SHA256]-----+
Aug 10 14:28:13 r1 xrnginstall[516]: adding root@host key
Aug 10 14:28:13 r1 xrnginstall[516]: 2026 Aug 10 14:28:13.856 UTC: Checking if rollback cleanup is required
Aug 10 14:28:13 r1 xrnginstall[516]: 2026 Aug 10 14:28:13.863 UTC: Finished rollback cleanup stage
Aug 10 14:28:13 r1 xrnginstall[516]: 2026 Aug 10 14:28:13.869 UTC: Single node: starting XR
Aug 10 14:28:13 r1 xrnginstall[516]: 2026 Aug 10 14:28:13.881 UTC: xrnginstall completed successfully
Aug 10 14:28:13 r1 systemd[1]: Started IOS-XR ISO Installation including sshd.
Aug 10 14:28:13 r1 systemd[1]: Starting IOS-XR XRd...
Aug 10 14:28:13 r1 systemd[1]: Started Cisco Directory Services.
Aug 10 14:28:13 r1 xrd-startup[638]: Waiting for linux interfaces: Gi0-0-0-0 eth0
Aug 10 14:28:13 r1 ds_startup.sh[639]: start_backing_thread:bind: No such file or directory
Aug 10 14:28:13 r1 last message repeated 2 times
Aug 10 14:28:14 r1 xrd-startup[638]: Setting up Gi0-0-0-0 for use by XR...
Aug 10 14:28:14 r1 xrd-startup[638]: net.ipv6.conf.Gi0-0-0-0.disable_ipv6 = 1
Aug 10 14:28:14 r1 xrd-startup[638]: Setting up eth0 for use by XR...
Aug 10 14:28:14 r1 xrd-startup[638]: net.ipv6.conf.eth0.disable_ipv6 = 1
Aug 10 14:28:14 r1 systemd[1]: Started IOS-XR XRd.
Aug 10 14:28:14 r1 systemd[1]: Starting IOS-XR Reaperd and Process Manager...
Aug 10 14:28:14 r1 xr_startup.sh[753]: ls: cannot access '/sys/bus/usb/devices': No such file or directory
Aug 10 14:28:14 r1 xr_startup.sh[753]: /pkg/etc/xr_startup.sh: line 222: /pkg/etc/platform_setup: No such file or directory
Aug 10 14:28:14 r1 xr_startup.sh[753]:   WARNING: Failed to connect to lvmetad. Falling back to device scanning.
Aug 10 14:28:14 r1 xr_startup.sh[753]: sysctl: setting key "kernel.sysrq": Read-only file system
Aug 10 14:28:14 r1 systemd[1]: Started IOS-XR Reaperd and Process Manager.
Aug 10 14:28:14 r1 systemd[1]: Reached target XR installation and startup.
Aug 10 14:28:14 r1 systemd[1]: Startup finished in 3.190s.
Aug 10 14:28:33 r1 systemd[1]: Reloading.
Aug 10 14:28:36 r1 systemd[1]: Started CiscoSSH sshd service.
Aug 10 14:28:36 r1 systemd[1]: Reloading.
Aug 10 14:28:37 r1 systemd[1]: Stopping CiscoSSH sshd service...
Aug 10 14:28:37 r1 systemd[1]: Stopped CiscoSSH sshd service.
Aug 10 14:28:37 r1 systemd[1]: Started CiscoSSH sshd service.
