Aug 10 14:28:12 r3 groupadd[451]: group added to /etc/group: name=iosxr, GID=1000
Aug 10 14:28:12 r3 groupadd[451]: group added to /etc/gshadow: name=iosxr
Aug 10 14:28:12 r3 groupadd[451]: new group: name=iosxr, GID=1000
Aug 10 14:28:12 r3 useradd[469]: new user: name=iosxr, UID=993, GID=1000, home=/home/iosxr, shell=/bin/false
Aug 10 14:28:13 r3 sshd[633]: Server listening on 0.0.0.0 port 22.
Aug 10 14:28:13 r3 sshd[633]: Server listening on :: port 22.
Aug 10 14:28:26 r3 groupadd[2317]: group added to /etc/group: name=cisco-support, GID=1001
Aug 10 14:28:26 r3 groupadd[2317]: group added to /etc/gshadow: name=cisco-support
Aug 10 14:28:26 r3 groupadd[2317]: new group: name=cisco-support, GID=1001
Aug 10 14:28:26 r3 groupadd[2337]: group added to /etc/group: name=maintenance, GID=1002
Aug 10 14:28:26 r3 groupadd[2337]: group added to /etc/gshadow: name=maintenance
Aug 10 14:28:26 r3 groupadd[2337]: new group: name=maintenance, GID=1002
Aug 10 14:28:26 r3 groupadd[2350]: group added to /etc/group: name=netadmin, GID=1003
Aug 10 14:28:26 r3 groupadd[2350]: group added to /etc/gshadow: name=netadmin
Aug 10 14:28:26 r3 groupadd[2350]: new group: name=netadmin, GID=1003
Aug 10 14:28:26 r3 groupadd[2362]: group added to /etc/group: name=provisioning, GID=1004
Aug 10 14:28:26 r3 groupadd[2362]: group added to /etc/gshadow: name=provisioning
Aug 10 14:28:26 r3 groupadd[2362]: new group: name=provisioning, GID=1004
Aug 10 14:28:26 r3 groupadd[2374]: group added to /etc/group: name=retrieve, GID=1005
Aug 10 14:28:26 r3 groupadd[2374]: group added to /etc/gshadow: name=retrieve
Aug 10 14:28:26 r3 groupadd[2374]: new group: name=retrieve, GID=1005
Aug 10 14:28:26 r3 groupadd[2382]: group added to /etc/group: name=root-lr, GID=1006
Aug 10 14:28:26 r3 groupadd[2382]: group added to /etc/gshadow: name=root-lr
Aug 10 14:28:26 r3 groupadd[2382]: new group: name=root-lr, GID=1006
Aug 10 14:28:26 r3 groupadd[2395]: group added to /etc/group: name=root-system, GID=1007
Aug 10 14:28:26 r3 groupadd[2395]: group added to /etc/gshadow: name=root-system
Aug 10 14:28:26 r3 groupadd[2395]: new group: name=root-system, GID=1007
Aug 10 14:28:26 r3 groupadd[2404]: group added to /etc/group: name=serviceadmin, GID=1008
Aug 10 14:28:26 r3 groupadd[2404]: group added to /etc/gshadow: name=serviceadmin
Aug 10 14:28:26 r3 groupadd[2404]: new group: name=serviceadmin, GID=1008
Aug 10 14:28:26 r3 groupadd[2414]: group added to /etc/group: name=sysadmin, GID=1009
Aug 10 14:28:26 r3 groupadd[2414]: group added to /etc/gshadow: name=sysadmin
Aug 10 14:28:26 r3 groupadd[2414]: new group: name=sysadmin, GID=1009
Aug 10 14:28:26 r3 groupadd[2437]: group added to /etc/group: name=read-only-tg, GID=1010
Aug 10 14:28:26 r3 groupadd[2437]: group added to /etc/gshadow: name=read-only-tg
Aug 10 14:28:26 r3 groupadd[2437]: new group: name=read-only-tg, GID=1010
Aug 10 14:28:34 r3 useradd[4327]: new group: name=clab, GID=1011
Aug 10 14:28:34 r3 useradd[4327]: new user: name=clab, UID=1000, GID=1011, home=/home/clab, shell=/bin/sh
Aug 10 14:28:34 r3 usermod[4365]: add 'clab' to group 'root-lr'
Aug 10 14:28:34 r3 usermod[4365]: add 'clab' to shadow group 'root-lr'
Aug 10 14:28:34 r3 usermod[4377]: add 'clab' to group 'sudo'
Aug 10 14:28:34 r3 usermod[4377]: add 'clab' to shadow group 'sudo'
Aug 10 14:28:34 r3 usermod[4413]: add 'clab' to group 'cisco-support'
Aug 10 14:28:34 r3 usermod[4413]: add 'clab' to shadow group 'cisco-support'
Aug 10 14:28:35 r3 sshd[4547]: Server listening on 0.0.0.0 port 22.
Aug 10 14:28:35 r3 sshd[4547]: Sending to syslog proxy : Server listening on 0.0.0.0 port 22.
Aug 10 14:28:35 r3 sshd[4547]: Server listening on :: port 22.
Aug 10 14:28:35 r3 sshd[4547]: Sending to syslog proxy : Server listening on :: port 22.
Aug 10 14:28:36 r3 sshd[4547]: Received signal 15; terminating.
Aug 10 14:28:36 r3 sshd[4547]: Sending to syslog proxy : Received signal 15; terminating.
Aug 10 14:28:36 r3 sshd[4621]: Server listening on 0.0.0.0 port 830.
Aug 10 14:28:36 r3 sshd[4621]: Sending to syslog proxy : Server listening on 0.0.0.0 port 830.
Aug 10 14:28:36 r3 sshd[4621]: Server listening on :: port 830.
Aug 10 14:28:36 r3 sshd[4621]: Sending to syslog proxy : Server listening on :: port 830.
Aug 10 14:28:36 r3 sshd[4621]: Server listening on 0.0.0.0 port 22.
Aug 10 14:28:36 r3 sshd[4621]: Sending to syslog proxy : Server listening on 0.0.0.0 port 22.
Aug 10 14:28:36 r3 sshd[4621]: Server listening on :: port 22.
Aug 10 14:28:36 r3 sshd[4621]: Sending to syslog proxy : Server listening on :: port 22.
Aug 10 14:37:33 r3 sshd[6298]: (sshd): Socket created, sockfd = 6
Aug 10 14:37:33 r3 sshd[6298]: (sshd): Successfully connected to server, sockfd = 6
Aug 10 14:37:33 r3 sshd[6298]: reserve - src addr: 3fff:172:20:20::1 src port: 47740, dst addr: 3fff:172:20:20::4 dst port: 22 protocol: 6, family: 10, pty id: 3
Aug 10 14:37:33 r3 sshd[6298]: Initialized client socket 14 with path /var/run/tty-channels/client6298
Aug 10 14:37:37 r3 sshd[6298]: Accepted authentication/pam for clab from 3fff:172:20:20::1 port 47740 ssh2
Aug 10 14:37:37 r3 sshd[6298]: Sending to syslog proxy : Accepted authentication/pam for clab from 3fff:172:20:20::1 port 47740 ssh2
Aug 10 14:37:37 r3 sshd[6338]: monitoring request received for port 0
Aug 10 14:37:37 r3 sshd[6338]: set window size request received for port 0
Aug 10 14:37:37 r3 sshd[6338]: monitoring thread spawned for port 0
Aug 10 14:37:37 r3 sshd[6338]: Initialized client socket 17 with path /var/run/tty-channels/client6338
Aug 10 14:37:51 r3 sshd[6338]: set window size request received for port 0
Aug 10 14:37:51 r3 sshd[6338]: Initialized client socket 12 with path /var/run/tty-channels/client6338
Aug 10 14:37:51 r3 sshd[6338]: set window size request received for port 0
Aug 10 14:37:51 r3 sshd[6338]: Initialized client socket 12 with path /var/run/tty-channels/client6338
Aug 10 14:37:51 r3 sshd[6338]: set window size request received for port 0
Aug 10 14:37:51 r3 sshd[6338]: Initialized client socket 12 with path /var/run/tty-channels/client6338
Aug 10 14:39:31 r3 sshd[6338]: set window size request received for port 0
Aug 10 14:39:31 r3 sshd[6338]: Initialized client socket 12 with path /var/run/tty-channels/client6338
