2026-08-10 14:28:10,468 INFO [xrd_init] Starting up
[xrd_bootstrap_data_copier] Recursing into '/xr-storage-shadow/config'
[xrd_bootstrap_data_copier] Recursing into '/xr-storage-shadow/disk1'
[xrd_bootstrap_data_copier] Recursing into '/xr-storage-shadow/log'
[xrd_bootstrap_data_copier] Recursing into '/xr-storage-shadow/scratch'
[xrd_bootstrap_data_copier] Copying '/xr-storage-shadow/config/config' to '/xr-storage/config/config'
[xrd_bootstrap_data_copier] Copying '/xr-storage-shadow/log/dnf' to '/xr-storage/log/dnf'
[xrd_bootstrap_data_copier] Copying '/xr-storage-shadow/log/journal' to '/xr-storage/log/journal'
[xrd_bootstrap_data_copier] Copying '/xr-storage-shadow/log/lastlog' to '/xr-storage/log/lastlog'
[xrd_bootstrap_data_copier] Copying '/xr-storage-shadow/log/sa' to '/xr-storage/log/sa'
[xrd_bootstrap_data_copier] Copying '/xr-storage-shadow/log/upstart' to '/xr-storage/log/upstart'
[xrd_bootstrap_data_copier] Copying '/xr-storage-shadow/log/wtmp' to '/xr-storage/log/wtmp'
[xrd_bootstrap_data_copier] Copying '/xr-storage-shadow/log/xr_bootstrap_boot.log' to '/xr-storage/log/xr_bootstrap_boot.log'
[xrd_bootstrap_data_copier] Copying '/xr-storage-shadow/log/xr_bootstrap_install.log' to '/xr-storage/log/xr_bootstrap_install.log'
[xrd_bootstrap_data_copier] Copying '/xr-storage-shadow/scratch/core' to '/xr-storage/scratch/core'
[xrd_bootstrap_data_copier] Copying '/xr-storage-shadow/scratch/shutdown' to '/xr-storage/scratch/shutdown'
2026-08-10 14:28:10,481 INFO [xrd_init] Checking env vars
2026-08-10 14:28:10,517 INFO [xrd_init] Detected cgroup version 2
2026-08-10 14:28:10,533 DEBUG [xrd_init] Found cgroup memory limit max from path /sys/fs/cgroup//memory.max
2026-08-10 14:28:10,543 INFO [xrd_init] Checking kernel version
2026-08-10 14:28:10,555 INFO [xrd_init] Checking capabilities
2026-08-10 14:28:10,619 INFO [xrd_init] Checking devices
2026-08-10 14:28:10,627 INFO [xrd_init] Checking /run tmpfs
2026-08-10 14:28:10,639 INFO [xrd_init] /run not mounted, attempting to mount as tmpfs
2026-08-10 14:28:10,651 INFO [xrd_init] Checking /proc/sys mounts
2026-08-10 14:28:10,663 INFO [xrd_init] Create bind mount /proc/sys
2026-08-10 14:28:10,677 DEBUG [xrd_init] Remounting /proc/sys with options ro
2026-08-10 14:28:10,693 INFO [xrd_init] Create bind mount /proc/sys/net
2026-08-10 14:28:10,707 DEBUG [xrd_init] Remounting /proc/sys/net with options rw
2026-08-10 14:28:10,722 INFO [xrd_init] Create bind mount /proc/sys/fs/mqueue
2026-08-10 14:28:10,737 DEBUG [xrd_init] Remounting /proc/sys/fs/mqueue with options rw
2026-08-10 14:28:10,748 INFO [xrd_init] Checking cgroup mounts
2026-08-10 14:28:10,760 INFO [xrd_init] Checking shared memory size
2026-08-10 14:28:10,777 INFO [xrd_init] Resizing shared memory to 33691076608
2026-08-10 14:28:10,796 INFO [xrd_init] ASLR is enabled
2026-08-10 14:28:10,805 INFO [xrd_init] Checking available memory
[xrd_inotify_boot_check] Checking enough inotify resource for new XRd instance (resource count 4000)...
[xrd_inotify_boot_check] Max open file count: soft 1048576, hard 1048576
[xrd_inotify_boot_check] Inotify check success - proceeding!
2026-08-10 14:28:11,292 INFO [xrd_init] Launching platform setup
2026-08-10 14:28:11,406 INFO: [xrd.pd.boot] Got XR_INTERFACES: linux:Gi0-0-0-0,xr_name=Gi0/0/0/0; and XR_MGMT_INTERFACES: linux:eth0,xr_name=Mg0/RP0/CPU0/0,chksum,snoop_v4,snoop_v6
2026-08-10 14:28:11,407 DEBUG: [xrd.pd.interfaces] Got XR interface type Gi and r/s/i/p 0/0/0/0 from interface linux:Gi0-0-0-0,xr_name=Gi0/0/0/0
2026-08-10 14:28:11,407 DEBUG: [xrd.pd.interfaces] Port number 0 parsed from interface linux:Gi0-0-0-0,xr_name=Gi0/0/0/0
2026-08-10 14:28:11,407 DEBUG: [xrd.pd.interfaces] Creating interface with id: Gi0-0-0-0, xr_name: Gi0/0/0/0, port: 0, chksum: False, snoop_v4: False, snoop_v6: False, snoop_v4_default_route: False, snoop_v6_default_route: False from element linux:Gi0-0-0-0,xr_name=Gi0/0/0/0 in env var XR_INTERFACES
2026-08-10 14:28:11,407 DEBUG: [xrd.pd.interfaces] Got XR interface type Mg and r/s/i/p 0/RP0/CPU0/0 from interface linux:eth0,xr_name=Mg0/RP0/CPU0/0,chksum,snoop_v4,snoop_v6
2026-08-10 14:28:11,408 DEBUG: [xrd.pd.interfaces] Port number 0 parsed from interface linux:eth0,xr_name=Mg0/RP0/CPU0/0,chksum,snoop_v4,snoop_v6
2026-08-10 14:28:11,408 DEBUG: [xrd.pd.interfaces] Creating interface with id: eth0, xr_name: Mg0/RP0/CPU0/0, port: 0, chksum: True, snoop_v4: True, snoop_v6: True, snoop_v4_default_route: False, snoop_v6_default_route: False from element linux:eth0,xr_name=Mg0/RP0/CPU0/0,chksum,snoop_v4,snoop_v6 in env var XR_MGMT_INTERFACES
2026-08-10 14:28:11,408 DEBUG: [xrd.pd.interfaces] Writing contents to /var/xr/scratch/.xrd_env.sh:
export XR_INTERFACES_LEGACY=Gi0/0/0/0:Gi0-0-0-0,Mg0/RP0/CPU0/0:eth0
export XR_SNOOP_V4_INTERFACES=Mg0/RP0/CPU0/0
export XR_SNOOP_V6_INTERFACES=Mg0/RP0/CPU0/0
export XR_SNOOP_V4_DEFAULT_ROUTE_INTERFACES=
export XR_SNOOP_V6_DEFAULT_ROUTE_INTERFACES=
export XR_CHECKSUM_OFFLOAD_COUNTERACT=Mg0/RP0/CPU0/0
2026-08-10 14:28:11,424 DEBUG [xrd_init] Loading env /var/xr/scratch/.xrd_env.sh:
export XR_INTERFACES_LEGACY=Gi0/0/0/0:Gi0-0-0-0,Mg0/RP0/CPU0/0:eth0
export XR_SNOOP_V4_INTERFACES=Mg0/RP0/CPU0/0
export XR_SNOOP_V6_INTERFACES=Mg0/RP0/CPU0/0
export XR_SNOOP_V4_DEFAULT_ROUTE_INTERFACES=
export XR_SNOOP_V6_DEFAULT_ROUTE_INTERFACES=
export XR_CHECKSUM_OFFLOAD_COUNTERACT=Mg0/RP0/CPU0/0
2026-08-10 14:28:11,434 INFO [xrd_init] Starting systemd
2026-08-10 14:28:11,444 INFO [xrd_init] Detected container virtualisation: docker
