2026-08-10 14:28:29.309317 Sync: create_directory():160, directory: /misc/disk1/.sppdc created
2026-08-10 14:28:29.309788 Sync: create_directory():160, directory: /misc/disk1/.sppdc_new created
2026-08-10 14:28:29.309884 Sync: ROLE_PRIMARY. setting master flags
2026-08-10 14:28:29.309899 Sync: Entering plat_sl_mount for mounting /misc/disk1/.sppdc_new
2026-08-10 14:29:12.406678 SIALOG: Entering plat_sl_update_validate_collection_time_in_ts
2026-08-10 14:29:12.407052 Sync: ROLE_PRIMARY. setting master flags
2026-08-10 14:29:12.407085 Sync: Entering plat_sl_mount for mounting /misc/disk1/.sppdc_new
2026-08-10 14:29:12.432060 SIALOG: sia_ooc_mdata_path /etc/sl/platinfo.data
2026-08-10 14:29:12.432119 SIALOG: Entering plat_sl_update_validate_collection_time_in_ts
2026-08-10 14:29:12.432138 SIALOG: Entering plat_sl_read_sia_mdata
2026-08-10 14:29:12.432269 SIALOG: sia_ooc_mdata_path /etc/sl/platinfo.data
2026-08-10 14:29:12.432291 SIALOG: Entering plat_sl_read_sia_mdata
2026-08-10 14:29:12.432349 SIAERROR: Failed to open file /etc/sl/platinfo.data rc=2
2026-08-10 14:29:12.432390 SIAWARNING: Could not stat /etc/sl/platinfo.data file, rc=2 (No such file or directory)
2026-08-10 14:29:12.443403 SIALOG: Entering plat_sl_get_ooc_status_from_ts
2026-08-10 14:29:12.443540 SIALOG: sia_ooc_mdata_path /etc/sl/platinfo.data
2026-08-10 14:29:12.443559 SIALOG: Entering plat_sl_read_sia_mdata
2026-08-10 14:29:12.443639 SIALOG: sia_ooc_mdata_path /etc/sl/platinfo.data
2026-08-10 14:29:12.443653 SIALOG: Entering plat_sl_read_sia_mdata
2026-08-10 14:29:12.443688 SIAERROR: Failed to open file /etc/sl/platinfo.data rc=2
2026-08-10 14:29:12.443718 SIALOG: SIA mdata file /etc/sl/platinfo.data not found
2026-08-10 14:34:12.395109 SIALOG: Entering plat_sl_update_validate_collection_time_in_ts
2026-08-10 14:34:12.395354 SIALOG: sia_ooc_mdata_path /etc/sl/platinfo.data
2026-08-10 14:34:12.395382 SIALOG: Entering plat_sl_update_validate_collection_time_in_ts
2026-08-10 14:34:12.395400 SIALOG: Entering plat_sl_read_sia_mdata
2026-08-10 14:34:12.395509 SIALOG: sia_ooc_mdata_path /etc/sl/platinfo.data
2026-08-10 14:34:12.395528 SIALOG: Entering plat_sl_read_sia_mdata
2026-08-10 14:34:12.395566 SIAERROR: Failed to open file /etc/sl/platinfo.data rc=2
2026-08-10 14:34:12.395595 SIAWARNING: Could not stat /etc/sl/platinfo.data file, rc=2 (No such file or directory)
2026-08-10 14:34:12.396771 SIALOG: Entering plat_sl_get_ooc_status_from_ts
2026-08-10 14:34:12.396941 SIALOG: sia_ooc_mdata_path /etc/sl/platinfo.data
2026-08-10 14:34:12.396963 SIALOG: Entering plat_sl_read_sia_mdata
2026-08-10 14:34:12.397067 SIALOG: sia_ooc_mdata_path /etc/sl/platinfo.data
2026-08-10 14:34:12.397084 SIALOG: Entering plat_sl_read_sia_mdata
2026-08-10 14:34:12.397118 SIAERROR: Failed to open file /etc/sl/platinfo.data rc=2
2026-08-10 14:34:12.397144 SIALOG: SIA mdata file /etc/sl/platinfo.data not found
