Aug 10 14:28:12 r2 groupadd[459]: group added to /etc/group: name=iosxr, GID=1000
Aug 10 14:28:12 r2 groupadd[459]: group added to /etc/gshadow: name=iosxr
Aug 10 14:28:12 r2 groupadd[459]: new group: name=iosxr, GID=1000
Aug 10 14:28:12 r2 useradd[466]: new user: name=iosxr, UID=993, GID=1000, home=/home/iosxr, shell=/bin/false
Aug 10 14:28:13 r2 sshd[613]: Server listening on 0.0.0.0 port 22.
Aug 10 14:28:13 r2 sshd[613]: Server listening on :: port 22.
Aug 10 14:28:25 r2 groupadd[2230]: group added to /etc/group: name=cisco-support, GID=1001
Aug 10 14:28:25 r2 groupadd[2230]: group added to /etc/gshadow: name=cisco-support
Aug 10 14:28:25 r2 groupadd[2230]: new group: name=cisco-support, GID=1001
Aug 10 14:28:25 r2 groupadd[2267]: group added to /etc/group: name=maintenance, GID=1002
Aug 10 14:28:25 r2 groupadd[2267]: group added to /etc/gshadow: name=maintenance
Aug 10 14:28:25 r2 groupadd[2267]: new group: name=maintenance, GID=1002
Aug 10 14:28:25 r2 groupadd[2302]: group added to /etc/group: name=netadmin, GID=1003
Aug 10 14:28:25 r2 groupadd[2302]: group added to /etc/gshadow: name=netadmin
Aug 10 14:28:25 r2 groupadd[2302]: new group: name=netadmin, GID=1003
Aug 10 14:28:25 r2 groupadd[2331]: group added to /etc/group: name=provisioning, GID=1004
Aug 10 14:28:25 r2 groupadd[2331]: group added to /etc/gshadow: name=provisioning
Aug 10 14:28:26 r2 groupadd[2331]: new group: name=provisioning, GID=1004
Aug 10 14:28:26 r2 groupadd[2350]: group added to /etc/group: name=retrieve, GID=1005
Aug 10 14:28:26 r2 groupadd[2350]: group added to /etc/gshadow: name=retrieve
Aug 10 14:28:26 r2 groupadd[2350]: new group: name=retrieve, GID=1005
Aug 10 14:28:26 r2 groupadd[2372]: group added to /etc/group: name=root-lr, GID=1006
Aug 10 14:28:26 r2 groupadd[2372]: group added to /etc/gshadow: name=root-lr
Aug 10 14:28:26 r2 groupadd[2372]: new group: name=root-lr, GID=1006
Aug 10 14:28:26 r2 groupadd[2380]: group added to /etc/group: name=root-system, GID=1007
Aug 10 14:28:26 r2 groupadd[2380]: group added to /etc/gshadow: name=root-system
Aug 10 14:28:26 r2 groupadd[2380]: new group: name=root-system, GID=1007
Aug 10 14:28:26 r2 groupadd[2393]: group added to /etc/group: name=serviceadmin, GID=1008
Aug 10 14:28:26 r2 groupadd[2393]: group added to /etc/gshadow: name=serviceadmin
Aug 10 14:28:26 r2 groupadd[2393]: new group: name=serviceadmin, GID=1008
Aug 10 14:28:26 r2 groupadd[2404]: group added to /etc/group: name=sysadmin, GID=1009
Aug 10 14:28:26 r2 groupadd[2404]: group added to /etc/gshadow: name=sysadmin
Aug 10 14:28:26 r2 groupadd[2404]: new group: name=sysadmin, GID=1009
Aug 10 14:28:26 r2 groupadd[2427]: group added to /etc/group: name=read-only-tg, GID=1010
Aug 10 14:28:26 r2 groupadd[2427]: group added to /etc/gshadow: name=read-only-tg
Aug 10 14:28:26 r2 groupadd[2427]: new group: name=read-only-tg, GID=1010
Aug 10 14:28:34 r2 useradd[4318]: new group: name=clab, GID=1011
Aug 10 14:28:34 r2 useradd[4318]: new user: name=clab, UID=1000, GID=1011, home=/home/clab, shell=/bin/sh
Aug 10 14:28:34 r2 usermod[4356]: add 'clab' to group 'root-lr'
Aug 10 14:28:34 r2 usermod[4356]: add 'clab' to shadow group 'root-lr'
Aug 10 14:28:34 r2 usermod[4368]: add 'clab' to group 'sudo'
Aug 10 14:28:34 r2 usermod[4368]: add 'clab' to shadow group 'sudo'
Aug 10 14:28:34 r2 usermod[4404]: add 'clab' to group 'cisco-support'
Aug 10 14:28:34 r2 usermod[4404]: add 'clab' to shadow group 'cisco-support'
Aug 10 14:28:35 r2 sshd[4538]: Server listening on 0.0.0.0 port 22.
Aug 10 14:28:35 r2 sshd[4538]: Sending to syslog proxy : Server listening on 0.0.0.0 port 22.
Aug 10 14:28:35 r2 sshd[4538]: Server listening on :: port 22.
Aug 10 14:28:35 r2 sshd[4538]: Sending to syslog proxy : Server listening on :: port 22.
Aug 10 14:28:36 r2 sshd[4538]: Received signal 15; terminating.
Aug 10 14:28:36 r2 sshd[4538]: Sending to syslog proxy : Received signal 15; terminating.
Aug 10 14:28:36 r2 sshd[4611]: Server listening on 0.0.0.0 port 830.
Aug 10 14:28:36 r2 sshd[4611]: Sending to syslog proxy : Server listening on 0.0.0.0 port 830.
Aug 10 14:28:36 r2 sshd[4611]: Server listening on :: port 830.
Aug 10 14:28:36 r2 sshd[4611]: Sending to syslog proxy : Server listening on :: port 830.
Aug 10 14:28:36 r2 sshd[4611]: Server listening on 0.0.0.0 port 22.
Aug 10 14:28:36 r2 sshd[4611]: Sending to syslog proxy : Server listening on 0.0.0.0 port 22.
Aug 10 14:28:36 r2 sshd[4611]: Server listening on :: port 22.
Aug 10 14:28:36 r2 sshd[4611]: Sending to syslog proxy : Server listening on :: port 22.
Aug 10 14:36:55 r2 sshd[6246]: (sshd): Socket created, sockfd = 6
Aug 10 14:36:55 r2 sshd[6246]: (sshd): Successfully connected to server, sockfd = 6
Aug 10 14:36:55 r2 sshd[6246]: reserve - src addr: 3fff:172:20:20::1 src port: 39892, dst addr: 3fff:172:20:20::3 dst port: 22 protocol: 6, family: 10, pty id: 2
Aug 10 14:36:55 r2 sshd[6246]: Initialized client socket 14 with path /var/run/tty-channels/client6246
Aug 10 14:37:01 r2 sshd[6246]: Accepted authentication/pam for clab from 3fff:172:20:20::1 port 39892 ssh2
Aug 10 14:37:01 r2 sshd[6246]: Sending to syslog proxy : Accepted authentication/pam for clab from 3fff:172:20:20::1 port 39892 ssh2
Aug 10 14:37:01 r2 sshd[6252]: monitoring request received for port 0
Aug 10 14:37:01 r2 sshd[6252]: set window size request received for port 0
Aug 10 14:37:01 r2 sshd[6252]: monitoring thread spawned for port 0
Aug 10 14:37:01 r2 sshd[6252]: Initialized client socket 17 with path /var/run/tty-channels/client6252
Aug 10 14:37:10 r2 sshd[6252]: unreserve request received for port 0
Aug 10 14:37:10 r2 sshd[6252]: Initialized client socket 12 with path /var/run/tty-channels/client6252
Aug 10 14:37:10 r2 sshd[6252]: disconnect happened for port 0
Aug 10 14:37:10 r2 sshd[6252]: exiting thread for port 0 path /var/run/tty-channels/client_0
Aug 10 14:37:10 r2 sshd[6252]: Disconnected from user clab 3fff:172:20:20::1 port 39892
Aug 10 14:37:10 r2 sshd[6252]: Sending to syslog proxy : Disconnected from user clab 3fff:172:20:20::1 port 39892
Aug 10 14:37:51 r2 sshd[6386]: (sshd): Socket created, sockfd = 6
Aug 10 14:37:51 r2 sshd[6386]: (sshd): Successfully connected to server, sockfd = 6
Aug 10 14:37:52 r2 sshd[6386]: reserve - src addr: 3fff:172:20:20::1 src port: 42434, dst addr: 3fff:172:20:20::3 dst port: 22 protocol: 6, family: 10, pty id: 2
Aug 10 14:37:52 r2 sshd[6386]: Initialized client socket 14 with path /var/run/tty-channels/client6386
Aug 10 14:37:56 r2 sshd[6386]: Accepted authentication/pam for clab from 3fff:172:20:20::1 port 42434 ssh2
Aug 10 14:37:56 r2 sshd[6386]: Sending to syslog proxy : Accepted authentication/pam for clab from 3fff:172:20:20::1 port 42434 ssh2
Aug 10 14:37:56 r2 sshd[6392]: monitoring request received for port 0
Aug 10 14:37:56 r2 sshd[6392]: set window size request received for port 0
Aug 10 14:37:56 r2 sshd[6392]: monitoring thread spawned for port 0
Aug 10 14:37:56 r2 sshd[6392]: Initialized client socket 17 with path /var/run/tty-channels/client6392
Aug 10 14:39:31 r2 sshd[6392]: set window size request received for port 0
Aug 10 14:39:31 r2 sshd[6392]: Initialized client socket 12 with path /var/run/tty-channels/client6392
