Aug 10 14:28:12 r3 systemd-sysusers[309]: Creating group wheel with gid 989.
Aug 10 14:28:12 r3 systemd-sysusers[309]: Creating group nobody with gid 988.
Aug 10 14:28:12 r3 systemd[1]: Starting Flush Journal to Persistent Storage...
Aug 10 14:28:12 r3 lvm[310]:   WARNING: Failed to connect to lvmetad. Falling back to device scanning.
Aug 10 14:28:12 r3 systemd[1]: Started Flush Journal to Persistent Storage.
Aug 10 14:28:12 r3 systemd[1]: Started Copy selected logs to var/log/old directories.
Aug 10 14:28:12 r3 systemd[1]: Started Monitoring of LVM2 mirrors, snapshots etc. using dmeventd or progress polling.
Aug 10 14:28:12 r3 systemd[1]: Reached target Local File Systems (Pre).
Aug 10 14:28:12 r3 systemd[1]: Mounting /mnt...
Aug 10 14:28:12 r3 systemd[1]: var-volatile.mount: Directory /var/volatile to mount over is not empty, mounting anyway.
Aug 10 14:28:12 r3 systemd[1]: Mounting /var/volatile...
Aug 10 14:28:12 r3 systemd[1]: Mounted /mnt.
Aug 10 14:28:12 r3 systemd[1]: Mounted /var/volatile.
Aug 10 14:28:12 r3 systemd[1]: Reached target Local File Systems.
Aug 10 14:28:12 r3 systemd[1]: Starting Create Volatile Files and Directories...
Aug 10 14:28:12 r3 systemd[1]: Starting Rebuild Journal Catalog...
Aug 10 14:28:12 r3 systemd[1]: Starting Rebuild Dynamic Linker Cache...
Aug 10 14:28:12 r3 systemd-tmpfiles[349]: "/var/log" already exists and is not a directory.
Aug 10 14:28:12 r3 systemd[1]: Started Rebuild Journal Catalog.
Aug 10 14:28:12 r3 systemd-tmpfiles[349]: Cannot set file attribute for '/xr-storage/log/journal', value=0x00800000, mask=0x00800000: Operation not supported
Aug 10 14:28:12 r3 systemd-tmpfiles[349]: Cannot set file attribute for '/xr-storage/log/journal/107a57c920924e16876bbf5bf7cb7c44', value=0x00800000, mask=0x00800000: Operation not supported
Aug 10 14:28:12 r3 systemd[1]: Started Create Volatile Files and Directories.
Aug 10 14:28:12 r3 systemd[1]: Starting Update UTMP about System Boot/Shutdown...
Aug 10 14:28:12 r3 systemd[1]: Started Update UTMP about System Boot/Shutdown.
Aug 10 14:28:12 r3 systemd[1]: Started Rebuild Dynamic Linker Cache.
Aug 10 14:28:12 r3 systemd[1]: Started Rebuild Hardware Database.
Aug 10 14:28:12 r3 systemd[1]: Starting udev Coldplug all Devices...
Aug 10 14:28:12 r3 systemd[1]: Starting Update is Completed...
Aug 10 14:28:12 r3 systemd[1]: Started Update is Completed.
Aug 10 14:28:12 r3 systemd[1]: Started udev Coldplug all Devices.
Aug 10 14:28:12 r3 systemd[1]: Reached target System Initialization.
Aug 10 14:28:12 r3 systemd[1]: Started Daily Cleanup of Temporary Directories.
Aug 10 14:28:12 r3 systemd[1]: Reached target Timers.
Aug 10 14:28:12 r3 systemd[1]: Listening on D-Bus System Message Bus Socket.
Aug 10 14:28:12 r3 systemd[1]: Reached target Sockets.
Aug 10 14:28:12 r3 systemd[1]: Reached target Basic System.
Aug 10 14:28:12 r3 systemd[1]: Starting IOS-XR Setup Non-Root related tasks...
Aug 10 14:28:12 r3 systemd[1]: Started Periodic Command Scheduler.
Aug 10 14:28:12 r3 systemd[1]: Started D-Bus System Message Bus.
Aug 10 14:28:12 r3 setup_iosxr_user.sh[406]: Mon Aug 10 14:28:12 UTC 2026: Checking if iosxr user exists
Aug 10 14:28:12 r3 setup_iosxr_user.sh[406]: Mon Aug 10 14:28:12 UTC 2026: iosxr user doesn't exist
Aug 10 14:28:12 r3 setup_iosxr_user.sh[406]: Checking if /etc/passwd.lock is empty and removing if necessary
Aug 10 14:28:12 r3 systemd[1]: Reached target Network.
Aug 10 14:28:12 r3 setup_iosxr_user.sh[406]: Checking if /etc/shadow.lock is empty and removing if necessary
Aug 10 14:28:12 r3 systemd[1]: Starting Resets System Activity Logs...
Aug 10 14:28:12 r3 setup_iosxr_user.sh[406]: Checking if /etc/group.lock is empty and removing if necessary
Aug 10 14:28:12 r3 systemd[1]: Starting OpenSSH Key Generation...
Aug 10 14:28:12 r3 setup_iosxr_user.sh[406]: Checking if /etc/gshadow.lock is empty and removing if necessary
Aug 10 14:28:12 r3 systemd[1]: Starting Permit User Sessions...
Aug 10 14:28:12 r3 systemd[1]: Starting sysklogd Kernel Logging Service...
Aug 10 14:28:12 r3 setup_iosxr_user.sh[406]: Mon Aug 10 14:28:12 UTC 2026: Creating group: iosxr
Aug 10 14:28:12 r3 systemd[1]: Starting System Logging Service...
Aug 10 14:28:12 r3 systemd[1]: Started Service for factory reset.
Aug 10 14:28:12 r3 systemd[1]: Started IOS-XR XRd Core Watcher.
Aug 10 14:28:12 r3 systemd[1]: Starting /etc/rc.local Compatibility...
Aug 10 14:28:12 r3 systemd[1]: Started Job spooling tools.
Aug 10 14:28:12 r3 systemd[1]: Started Resets System Activity Logs.
Aug 10 14:28:12 r3 sshd_check_keys[439]:   generating ssh RSA host key...
Aug 10 14:28:12 r3 systemd[1]: Started Permit User Sessions.
Aug 10 14:28:12 r3 systemd[1]: Started /etc/rc.local Compatibility.
Aug 10 14:28:12 r3 systemd[1]: Reached target Login Prompts.
Aug 10 14:28:12 r3 setup_iosxr_user.sh[406]: Mon Aug 10 14:28:12 UTC 2026: Creating user: iosxr
Aug 10 14:28:12 r3 systemd[1]: Reached target Multi-User System.
Aug 10 14:28:12 r3 systemd[1]: Starting Update UTMP about System Runlevel Changes...
Aug 10 14:28:12 r3 systemd[1]: Started Update UTMP about System Runlevel Changes.
Aug 10 14:28:12 r3 xrd_corewatcher[450]: Setting up watches.
Aug 10 14:28:12 r3 xrd_corewatcher[450]: Watches established.
Aug 10 14:28:12 r3 setup_iosxr_user.sh[406]: Mon Aug 10 14:28:12 UTC 2026: iosxr user / group created
Aug 10 14:28:12 r3 setup_pts.sh[483]: Mon Aug 10 14:28:12 UTC 2026: change permissions of /dev/pts/ptmx to allow iosxr access
Aug 10 14:28:12 r3 systemd[1]: Started IOS-XR Setup Non-Root related tasks.
Aug 10 14:28:12 r3 sshd_check_keys[439]:   generating ssh ECDSA host key...
Aug 10 14:28:12 r3 systemd-udevd[518]: failed to execute '/lib/systemd/systemd-vconsole-setup' '/lib/systemd/systemd-vconsole-setup': No such file or directory
Aug 10 14:28:12 r3 systemd-udevd[504]: Process '/lib/systemd/systemd-vconsole-setup' failed with exit code 2.
Aug 10 14:28:12 r3 sshd_check_keys[439]:   generating ssh ED25519 host key...
Aug 10 14:28:12 r3 sshd_check_keys[439]:  generating ssh DSA host key...
Aug 10 14:28:12 r3 systemd-udevd[537]: failed to execute '/lib/systemd/systemd-vconsole-setup' '/lib/systemd/systemd-vconsole-setup': No such file or directory
Aug 10 14:28:12 r3 systemd-udevd[523]: Process '/lib/systemd/systemd-vconsole-setup' failed with exit code 2.
Aug 10 14:28:12 r3 systemd-udevd[538]: failed to execute '/lib/systemd/systemd-vconsole-setup' '/lib/systemd/systemd-vconsole-setup': No such file or directory
Aug 10 14:28:12 r3 systemd-udevd[505]: Process '/lib/systemd/systemd-vconsole-setup' failed with exit code 2.
Aug 10 14:28:12 r3 systemd[1]: Started OpenSSH Key Generation.
Aug 10 14:28:12 r3 systemd[1]: Starting IOS-XR ISO Installation including sshd...
Aug 10 14:28:12 r3 systemd[1]: Started System Logging Service.
Aug 10 14:28:13 r3 systemd[1]: Started sysklogd Kernel Logging Service.
Aug 10 14:28:13 r3 xrnginstall[543]: 2026 Aug 10 14:28:13.476 UTC: Setting up dumper and build info files
Aug 10 14:28:13 r3 xrnginstall[543]: 2026 Aug 10 14:28:13.578 UTC: XR Lineup:  r79x.lu%EFR-00000448327
Aug 10 14:28:13 r3 xrnginstall[543]: 2026 Aug 10 14:28:13.583 UTC: XR Version: 7.9.2
Aug 10 14:28:13 r3 xrnginstall[543]: 2026 Aug 10 14:28:13.594 UTC: Completed set up of dumper and build info files
Aug 10 14:28:13 r3 xrnginstall[543]: 2026 Aug 10 14:28:13.600 UTC: Preparing IOS-XR (first boot)
Aug 10 14:28:13 r3 xrnginstall[543]: Setting up confd
Aug 10 14:28:13 r3 xrnginstall[543]: Generating public/private rsa key pair.
Aug 10 14:28:13 r3 xrnginstall[543]: Your identification has been saved in /root/.ssh/id_rsa.
Aug 10 14:28:13 r3 xrnginstall[543]: Your public key has been saved in /root/.ssh/id_rsa.pub.
Aug 10 14:28:13 r3 xrnginstall[543]: The key fingerprint is:
Aug 10 14:28:13 r3 xrnginstall[543]: SHA256:afSl6R9aTlQkYkXub30sDiDGDDZIklqU7wn9Ywafn04 root@r3
Aug 10 14:28:13 r3 xrnginstall[543]: The key's randomart image is:
Aug 10 14:28:13 r3 xrnginstall[543]: +---[RSA 2048]----+
Aug 10 14:28:13 r3 xrnginstall[543]: | .oo.     oo+ .  |
Aug 10 14:28:13 r3 xrnginstall[543]: |  +o .   . o o   |
Aug 10 14:28:13 r3 xrnginstall[543]: | o o. + .   o .  |
Aug 10 14:28:13 r3 xrnginstall[543]: |. . +. * o = .   |
Aug 10 14:28:13 r3 xrnginstall[543]: |   o = .S = o    |
Aug 10 14:28:13 r3 xrnginstall[543]: |    o Bo o o . o |
Aug 10 14:28:13 r3 xrnginstall[543]: |     o oE.. = + +|
Aug 10 14:28:13 r3 xrnginstall[543]: |       .o  * = ..|
Aug 10 14:28:13 r3 xrnginstall[543]: |       .. . o .  |
Aug 10 14:28:13 r3 xrnginstall[543]: +----[SHA256]-----+
Aug 10 14:28:13 r3 xrnginstall[543]: adding root@host key
Aug 10 14:28:13 r3 xrnginstall[543]: 2026 Aug 10 14:28:13.982 UTC: Checking if rollback cleanup is required
Aug 10 14:28:13 r3 xrnginstall[543]: 2026 Aug 10 14:28:13.989 UTC: Finished rollback cleanup stage
Aug 10 14:28:13 r3 xrnginstall[543]: 2026 Aug 10 14:28:13.995 UTC: Single node: starting XR
Aug 10 14:28:14 r3 xrnginstall[543]: 2026 Aug 10 14:28:14.007 UTC: xrnginstall completed successfully
Aug 10 14:28:14 r3 systemd[1]: Started IOS-XR ISO Installation including sshd.
Aug 10 14:28:14 r3 systemd[1]: Starting IOS-XR XRd...
Aug 10 14:28:14 r3 systemd[1]: Started Cisco Directory Services.
Aug 10 14:28:14 r3 xrd-startup[665]: Waiting for linux interfaces: Gi0-0-0-0 eth0
Aug 10 14:28:14 r3 ds_startup.sh[666]: start_backing_thread:bind: No such file or directory
Aug 10 14:28:14 r3 last message repeated 2 times
Aug 10 14:28:14 r3 xrd-startup[665]: Setting up Gi0-0-0-0 for use by XR...
Aug 10 14:28:14 r3 xrd-startup[665]: net.ipv6.conf.Gi0-0-0-0.disable_ipv6 = 1
Aug 10 14:28:14 r3 xrd-startup[665]: Setting up eth0 for use by XR...
Aug 10 14:28:14 r3 xrd-startup[665]: net.ipv6.conf.eth0.disable_ipv6 = 1
Aug 10 14:28:14 r3 systemd[1]: Started IOS-XR XRd.
Aug 10 14:28:14 r3 systemd[1]: Starting IOS-XR Reaperd and Process Manager...
Aug 10 14:28:14 r3 xr_startup.sh[780]: ls: cannot access '/sys/bus/usb/devices': No such file or directory
Aug 10 14:28:14 r3 xr_startup.sh[780]: /pkg/etc/xr_startup.sh: line 222: /pkg/etc/platform_setup: No such file or directory
Aug 10 14:28:14 r3 xr_startup.sh[780]:   WARNING: Failed to connect to lvmetad. Falling back to device scanning.
Aug 10 14:28:14 r3 xr_startup.sh[780]: sysctl: setting key "kernel.sysrq": Read-only file system
Aug 10 14:28:14 r3 systemd[1]: Started IOS-XR Reaperd and Process Manager.
Aug 10 14:28:14 r3 systemd[1]: Reached target XR installation and startup.
Aug 10 14:28:14 r3 systemd[1]: Startup finished in 3.375s.
Aug 10 14:28:32 r3 systemd[1]: Reloading.
Aug 10 14:28:35 r3 systemd[1]: Started CiscoSSH sshd service.
Aug 10 14:28:36 r3 systemd[1]: Reloading.
Aug 10 14:28:36 r3 systemd[1]: Stopping CiscoSSH sshd service...
Aug 10 14:28:36 r3 systemd[1]: Stopped CiscoSSH sshd service.
Aug 10 14:28:36 r3 systemd[1]: Started CiscoSSH sshd service.
